
> @abstractframework/observer@0.1.11 build
> tsc && vite build

vite v6.4.1 building for production...
transforming...
✓ 281 modules transformed.
[esbuild css minify]
▲ [WARNING] Unexpected "*" [css-syntax-error]

    <stdin>:11330:61:
      11330 │ ...language: surfaces from --canvas/--pane-*/--raised-*, type from
            ╵                                                       ^


rendering chunks...
computing gzip size...
dist/index.html                   0.98 kB │ gzip:   0.47 kB
dist/assets/index-D_fblW8L.css  234.91 kB │ gzip:  36.87 kB
dist/assets/index-4qNHhhpV.js   811.50 kB │ gzip: 236.38 kB │ map: 2,716.47 kB

(!) Some chunks are larger than 500 kB after minification. Consider:
- Using dynamic import() to code-split the application
- Use build.rollupOptions.output.manualChunks to improve chunking: https://rollupjs.org/configuration-options/#output-manualchunks
- Adjust chunk size limit for this warning via build.chunkSizeWarningLimit.
✓ built in 975ms
BUILD_EXIT=0
